{"Time":"2026-09-16T01:32:30.229454717Z","Action":"start","Package":"local/guard-gateway/go-check"}
{"Time":"2026-09-16T01:32:30.240353353Z","Action":"run","Package":"local/guard-gateway/go-check","Test":"TestPreflightDecisionCacheAvoidsRepeatedGuardCall"}
{"Time":"2026-09-16T01:32:30.240425683Z","Action":"output","Package":"local/guard-gateway/go-check","Test":"TestPreflightDecisionCacheAvoidsRepeatedGuardCall","Output":"=== RUN   TestPreflightDecisionCacheAvoidsRepeatedGuardCall\n","OutputType":"frame"}
{"Time":"2026-09-16T01:32:30.242162822Z","Action":"output","Package":"local/guard-gateway/go-check","Test":"TestPreflightDecisionCacheAvoidsRepeatedGuardCall","Output":"--- PASS: TestPreflightDecisionCacheAvoidsRepeatedGuardCall (0.00s)\n","OutputType":"frame"}
{"Time":"2026-09-16T01:32:30.242185153Z","Action":"pass","Package":"local/guard-gateway/go-check","Test":"TestPreflightDecisionCacheAvoidsRepeatedGuardCall","Elapsed":0}
{"Time":"2026-09-16T01:32:30.242195886Z","Action":"run","Package":"local/guard-gateway/go-check","Test":"TestPreflightRulesRunBeforeSanitizedDecisionCache"}
{"Time":"2026-09-16T01:32:30.242198397Z","Action":"output","Package":"local/guard-gateway/go-check","Test":"TestPreflightRulesRunBeforeSanitizedDecisionCache","Output":"=== RUN   TestPreflightRulesRunBeforeSanitizedDecisionCache\n","OutputType":"frame"}
{"Time":"2026-09-16T01:32:30.244235647Z","Action":"output","Package":"local/guard-gateway/go-check","Test":"TestPreflightRulesRunBeforeSanitizedDecisionCache","Output":"--- PASS: TestPreflightRulesRunBeforeSanitizedDecisionCache (0.00s)\n","OutputType":"frame"}
{"Time":"2026-09-16T01:32:30.244243184Z","Action":"pass","Package":"local/guard-gateway/go-check","Test":"TestPreflightRulesRunBeforeSanitizedDecisionCache","Elapsed":0}
{"Time":"2026-09-16T01:32:30.244267159Z","Action":"run","Package":"local/guard-gateway/go-check","Test":"TestPreflightAuditFailureFailsClosed"}
{"Time":"2026-09-16T01:32:30.244270423Z","Action":"output","Package":"local/guard-gateway/go-check","Test":"TestPreflightAuditFailureFailsClosed","Output":"=== RUN   TestPreflightAuditFailureFailsClosed\n","OutputType":"frame"}
{"Time":"2026-09-16T01:32:30.245410104Z","Action":"output","Package":"local/guard-gateway/go-check","Test":"TestPreflightAuditFailureFailsClosed","Output":"--- PASS: TestPreflightAuditFailureFailsClosed (0.00s)\n","OutputType":"frame"}
{"Time":"2026-09-16T01:32:30.245422939Z","Action":"pass","Package":"local/guard-gateway/go-check","Test":"TestPreflightAuditFailureFailsClosed","Elapsed":0}
{"Time":"2026-09-16T01:32:30.245438036Z","Action":"run","Package":"local/guard-gateway/go-check","Test":"TestPreflightAllowsBenignRequestThroughModel"}
{"Time":"2026-09-16T01:32:30.245443688Z","Action":"output","Package":"local/guard-gateway/go-check","Test":"TestPreflightAllowsBenignRequestThroughModel","Output":"=== RUN   TestPreflightAllowsBenignRequestThroughModel\n","OutputType":"frame"}
{"Time":"2026-09-16T01:32:30.247411377Z","Action":"output","Package":"local/guard-gateway/go-check","Test":"TestPreflightAllowsBenignRequestThroughModel","Output":"--- PASS: TestPreflightAllowsBenignRequestThroughModel (0.00s)\n","OutputType":"frame"}
{"Time":"2026-09-16T01:32:30.247418569Z","Action":"pass","Package":"local/guard-gateway/go-check","Test":"TestPreflightAllowsBenignRequestThroughModel","Elapsed":0}
{"Time":"2026-09-16T01:32:30.247445472Z","Action":"run","Package":"local/guard-gateway/go-check","Test":"TestPreflightBlocksCredentialUseBeforeModel"}
{"Time":"2026-09-16T01:32:30.247448813Z","Action":"output","Package":"local/guard-gateway/go-check","Test":"TestPreflightBlocksCredentialUseBeforeModel","Output":"=== RUN   TestPreflightBlocksCredentialUseBeforeModel\n","OutputType":"frame"}
{"Time":"2026-09-16T01:32:30.248464086Z","Action":"output","Package":"local/guard-gateway/go-check","Test":"TestPreflightBlocksCredentialUseBeforeModel","Output":"--- PASS: TestPreflightBlocksCredentialUseBeforeModel (0.00s)\n","OutputType":"frame"}
{"Time":"2026-09-16T01:32:30.248476744Z","Action":"pass","Package":"local/guard-gateway/go-check","Test":"TestPreflightBlocksCredentialUseBeforeModel","Elapsed":0}
{"Time":"2026-09-16T01:32:30.248491134Z","Action":"run","Package":"local/guard-gateway/go-check","Test":"TestPreflightFailClosedWhenModelUnavailable"}
{"Time":"2026-09-16T01:32:30.248496228Z","Action":"output","Package":"local/guard-gateway/go-check","Test":"TestPreflightFailClosedWhenModelUnavailable","Output":"=== RUN   TestPreflightFailClosedWhenModelUnavailable\n","OutputType":"frame"}
{"Time":"2026-09-16T01:32:30.249825044Z","Action":"output","Package":"local/guard-gateway/go-check","Test":"TestPreflightFailClosedWhenModelUnavailable","Output":"--- PASS: TestPreflightFailClosedWhenModelUnavailable (0.00s)\n","OutputType":"frame"}
{"Time":"2026-09-16T01:32:30.249833939Z","Action":"pass","Package":"local/guard-gateway/go-check","Test":"TestPreflightFailClosedWhenModelUnavailable","Elapsed":0}
{"Time":"2026-09-16T01:32:30.249844093Z","Action":"run","Package":"local/guard-gateway/go-check","Test":"TestPreflightRedactsSecretsBeforeModelAndAudit"}
{"Time":"2026-09-16T01:32:30.2498477Z","Action":"output","Package":"local/guard-gateway/go-check","Test":"TestPreflightRedactsSecretsBeforeModelAndAudit","Output":"=== RUN   TestPreflightRedactsSecretsBeforeModelAndAudit\n","OutputType":"frame"}
{"Time":"2026-09-16T01:32:30.253729365Z","Action":"output","Package":"local/guard-gateway/go-check","Test":"TestPreflightRedactsSecretsBeforeModelAndAudit","Output":"--- PASS: TestPreflightRedactsSecretsBeforeModelAndAudit (0.00s)\n","OutputType":"frame"}
{"Time":"2026-09-16T01:32:30.253737215Z","Action":"pass","Package":"local/guard-gateway/go-check","Test":"TestPreflightRedactsSecretsBeforeModelAndAudit","Elapsed":0}
{"Time":"2026-09-16T01:32:30.253760292Z","Action":"run","Package":"local/guard-gateway/go-check","Test":"TestPreflightDetectsQuotedJSONCredentialFields"}
{"Time":"2026-09-16T01:32:30.253763306Z","Action":"output","Package":"local/guard-gateway/go-check","Test":"TestPreflightDetectsQuotedJSONCredentialFields","Output":"=== RUN   TestPreflightDetectsQuotedJSONCredentialFields\n","OutputType":"frame"}
{"Time":"2026-09-16T01:32:30.254835117Z","Action":"output","Package":"local/guard-gateway/go-check","Test":"TestPreflightDetectsQuotedJSONCredentialFields","Output":"--- PASS: TestPreflightDetectsQuotedJSONCredentialFields (0.00s)\n","OutputType":"frame"}
{"Time":"2026-09-16T01:32:30.254844072Z","Action":"pass","Package":"local/guard-gateway/go-check","Test":"TestPreflightDetectsQuotedJSONCredentialFields","Elapsed":0}
{"Time":"2026-09-16T01:32:30.254865488Z","Action":"run","Package":"local/guard-gateway/go-check","Test":"TestPreflightScansMetadataAndToolSchemaForCredentials"}
{"Time":"2026-09-16T01:32:30.254869694Z","Action":"output","Package":"local/guard-gateway/go-check","Test":"TestPreflightScansMetadataAndToolSchemaForCredentials","Output":"=== RUN   TestPreflightScansMetadataAndToolSchemaForCredentials\n","OutputType":"frame"}
{"Time":"2026-09-16T01:32:30.255660543Z","Action":"output","Package":"local/guard-gateway/go-check","Test":"TestPreflightScansMetadataAndToolSchemaForCredentials","Output":"--- PASS: TestPreflightScansMetadataAndToolSchemaForCredentials (0.00s)\n","OutputType":"frame"}
{"Time":"2026-09-16T01:32:30.255669919Z","Action":"pass","Package":"local/guard-gateway/go-check","Test":"TestPreflightScansMetadataAndToolSchemaForCredentials","Elapsed":0}
{"Time":"2026-09-16T01:32:30.255686845Z","Action":"run","Package":"local/guard-gateway/go-check","Test":"TestPreflightBlocksRealSecretWhenRequestWantsToUseIt"}
{"Time":"2026-09-16T01:32:30.255690399Z","Action":"output","Package":"local/guard-gateway/go-check","Test":"TestPreflightBlocksRealSecretWhenRequestWantsToUseIt","Output":"=== RUN   TestPreflightBlocksRealSecretWhenRequestWantsToUseIt\n","OutputType":"frame"}
{"Time":"2026-09-16T01:32:30.256183977Z","Action":"output","Package":"local/guard-gateway/go-check","Test":"TestPreflightBlocksRealSecretWhenRequestWantsToUseIt","Output":"--- PASS: TestPreflightBlocksRealSecretWhenRequestWantsToUseIt (0.00s)\n","OutputType":"frame"}
{"Time":"2026-09-16T01:32:30.256196824Z","Action":"pass","Package":"local/guard-gateway/go-check","Test":"TestPreflightBlocksRealSecretWhenRequestWantsToUseIt","Elapsed":0}
{"Time":"2026-09-16T01:32:30.256212583Z","Action":"run","Package":"local/guard-gateway/go-check","Test":"TestPreflightStrictlyBlocksMediumModelVerdict"}
{"Time":"2026-09-16T01:32:30.256218334Z","Action":"output","Package":"local/guard-gateway/go-check","Test":"TestPreflightStrictlyBlocksMediumModelVerdict","Output":"=== RUN   TestPreflightStrictlyBlocksMediumModelVerdict\n","OutputType":"frame"}
{"Time":"2026-09-16T01:32:30.262486937Z","Action":"output","Package":"local/guard-gateway/go-check","Test":"TestPreflightStrictlyBlocksMediumModelVerdict","Output":"--- PASS: TestPreflightStrictlyBlocksMediumModelVerdict (0.01s)\n","OutputType":"frame"}
{"Time":"2026-09-16T01:32:30.262513634Z","Action":"pass","Package":"local/guard-gateway/go-check","Test":"TestPreflightStrictlyBlocksMediumModelVerdict","Elapsed":0.01}
{"Time":"2026-09-16T01:32:30.262538513Z","Action":"run","Package":"local/guard-gateway/go-check","Test":"TestAmbiguousDevelopmentSignalsRequireSemanticVerdict"}
{"Time":"2026-09-16T01:32:30.262541948Z","Action":"output","Package":"local/guard-gateway/go-check","Test":"TestAmbiguousDevelopmentSignalsRequireSemanticVerdict","Output":"=== RUN   TestAmbiguousDevelopmentSignalsRequireSemanticVerdict\n","OutputType":"frame"}
{"Time":"2026-09-16T01:32:30.262617829Z","Action":"run","Package":"local/guard-gateway/go-check","Test":"TestAmbiguousDevelopmentSignalsRequireSemanticVerdict/zh_logout"}
{"Time":"2026-09-16T01:32:30.262623183Z","Action":"output","Package":"local/guard-gateway/go-check","Test":"TestAmbiguousDevelopmentSignalsRequireSemanticVerdict/zh_logout","Output":"=== RUN   TestAmbiguousDevelopmentSignalsRequireSemanticVerdict/zh_logout\n","OutputType":"frame"}
{"Time":"2026-09-16T01:32:30.268827678Z","Action":"output","Package":"local/guard-gateway/go-check","Test":"TestAmbiguousDevelopmentSignalsRequireSemanticVerdict/zh_logout","Output":"--- PASS: TestAmbiguousDevelopmentSignalsRequireSemanticVerdict/zh_logout (0.01s)\n","OutputType":"frame"}
{"Time":"2026-09-16T01:32:30.268841189Z","Action":"pass","Package":"local/guard-gateway/go-check","Test":"TestAmbiguousDevelopmentSignalsRequireSemanticVerdict/zh_logout","Elapsed":0.01}
{"Time":"2026-09-16T01:32:30.268870421Z","Action":"run","Package":"local/guard-gateway/go-check","Test":"TestAmbiguousDevelopmentSignalsRequireSemanticVerdict/en_release"}
{"Time":"2026-09-16T01:32:30.268875518Z","Action":"output","Package":"local/guard-gateway/go-check","Test":"TestAmbiguousDevelopmentSignalsRequireSemanticVerdict/en_release","Output":"=== RUN   TestAmbiguousDevelopmentSignalsRequireSemanticVerdict/en_release\n","OutputType":"frame"}
{"Time":"2026-09-16T01:32:30.278498662Z","Action":"output","Package":"local/guard-gateway/go-check","Test":"TestAmbiguousDevelopmentSignalsRequireSemanticVerdict/en_release","Output":"--- PASS: TestAmbiguousDevelopmentSignalsRequireSemanticVerdict/en_release (0.01s)\n","OutputType":"frame"}
{"Time":"2026-09-16T01:32:30.278512847Z","Action":"pass","Package":"local/guard-gateway/go-check","Test":"TestAmbiguousDevelopmentSignalsRequireSemanticVerdict/en_release","Elapsed":0.01}
{"Time":"2026-09-16T01:32:30.278538431Z","Action":"run","Package":"local/guard-gateway/go-check","Test":"TestAmbiguousDevelopmentSignalsRequireSemanticVerdict/three_signals"}
{"Time":"2026-09-16T01:32:30.278543835Z","Action":"output","Package":"local/guard-gateway/go-check","Test":"TestAmbiguousDevelopmentSignalsRequireSemanticVerdict/three_signals","Output":"=== RUN   TestAmbiguousDevelopmentSignalsRequireSemanticVerdict/three_signals\n","OutputType":"frame"}
{"Time":"2026-09-16T01:32:30.288970006Z","Action":"output","Package":"local/guard-gateway/go-check","Test":"TestAmbiguousDevelopmentSignalsRequireSemanticVerdict/three_signals","Output":"--- PASS: TestAmbiguousDevelopmentSignalsRequireSemanticVerdict/three_signals (0.01s)\n","OutputType":"frame"}
{"Time":"2026-09-16T01:32:30.28898417Z","Action":"pass","Package":"local/guard-gateway/go-check","Test":"TestAmbiguousDevelopmentSignalsRequireSemanticVerdict/three_signals","Elapsed":0.01}
{"Time":"2026-09-16T01:32:30.288996954Z","Action":"run","Package":"local/guard-gateway/go-check","Test":"TestAmbiguousDevelopmentSignalsRequireSemanticVerdict/credential_schema"}
{"Time":"2026-09-16T01:32:30.289002002Z","Action":"output","Package":"local/guard-gateway/go-check","Test":"TestAmbiguousDevelopmentSignalsRequireSemanticVerdict/credential_schema","Output":"=== RUN   TestAmbiguousDevelopmentSignalsRequireSemanticVerdict/credential_schema\n","OutputType":"frame"}
{"Time":"2026-09-16T01:32:30.305165068Z","Action":"output","Package":"local/guard-gateway/go-check","Test":"TestAmbiguousDevelopmentSignalsRequireSemanticVerdict/credential_schema","Output":"--- PASS: TestAmbiguousDevelopmentSignalsRequireSemanticVerdict/credential_schema (0.02s)\n","OutputType":"frame"}
{"Time":"2026-09-16T01:32:30.305178398Z","Action":"pass","Package":"local/guard-gateway/go-check","Test":"TestAmbiguousDevelopmentSignalsRequireSemanticVerdict/credential_schema","Elapsed":0.02}
{"Time":"2026-09-16T01:32:30.305211486Z","Action":"run","Package":"local/guard-gateway/go-check","Test":"TestAmbiguousDevelopmentSignalsRequireSemanticVerdict/quoted_injection"}
{"Time":"2026-09-16T01:32:30.305216714Z","Action":"output","Package":"local/guard-gateway/go-check","Test":"TestAmbiguousDevelopmentSignalsRequireSemanticVerdict/quoted_injection","Output":"=== RUN   TestAmbiguousDevelopmentSignalsRequireSemanticVerdict/quoted_injection\n","OutputType":"frame"}
{"Time":"2026-09-16T01:32:30.319488136Z","Action":"output","Package":"local/guard-gateway/go-check","Test":"TestAmbiguousDevelopmentSignalsRequireSemanticVerdict/quoted_injection","Output":"--- PASS: TestAmbiguousDevelopmentSignalsRequireSemanticVerdict/quoted_injection (0.01s)\n","OutputType":"frame"}
{"Time":"2026-09-16T01:32:30.319498628Z","Action":"pass","Package":"local/guard-gateway/go-check","Test":"TestAmbiguousDevelopmentSignalsRequireSemanticVerdict/quoted_injection","Elapsed":0.01}
{"Time":"2026-09-16T01:32:30.31953414Z","Action":"output","Package":"local/guard-gateway/go-check","Test":"TestAmbiguousDevelopmentSignalsRequireSemanticVerdict","Output":"--- PASS: TestAmbiguousDevelopmentSignalsRequireSemanticVerdict (0.06s)\n","OutputType":"frame"}
{"Time":"2026-09-16T01:32:30.319541778Z","Action":"pass","Package":"local/guard-gateway/go-check","Test":"TestAmbiguousDevelopmentSignalsRequireSemanticVerdict","Elapsed":0.06}
{"Time":"2026-09-16T01:32:30.31957194Z","Action":"run","Package":"local/guard-gateway/go-check","Test":"TestUpstreamCyberQuarantinesAccountAfterThreshold"}
{"Time":"2026-09-16T01:32:30.319577453Z","Action":"output","Package":"local/guard-gateway/go-check","Test":"TestUpstreamCyberQuarantinesAccountAfterThreshold","Output":"=== RUN   TestUpstreamCyberQuarantinesAccountAfterThreshold\n","OutputType":"frame"}
{"Time":"2026-09-16T01:32:30.320168516Z","Action":"output","Package":"local/guard-gateway/go-check","Test":"TestUpstreamCyberQuarantinesAccountAfterThreshold","Output":"--- PASS: TestUpstreamCyberQuarantinesAccountAfterThreshold (0.00s)\n","OutputType":"frame"}
{"Time":"2026-09-16T01:32:30.320176699Z","Action":"pass","Package":"local/guard-gateway/go-check","Test":"TestUpstreamCyberQuarantinesAccountAfterThreshold","Elapsed":0}
{"Time":"2026-09-16T01:32:30.320186523Z","Action":"run","Package":"local/guard-gateway/go-check","Test":"TestRequestCorrelationDoesNotInvalidateSafetyCache"}
{"Time":"2026-09-16T01:32:30.320189526Z","Action":"output","Package":"local/guard-gateway/go-check","Test":"TestRequestCorrelationDoesNotInvalidateSafetyCache","Output":"=== RUN   TestRequestCorrelationDoesNotInvalidateSafetyCache\n","OutputType":"frame"}
{"Time":"2026-09-16T01:32:30.320624431Z","Action":"output","Package":"local/guard-gateway/go-check","Test":"TestRequestCorrelationDoesNotInvalidateSafetyCache","Output":"--- PASS: TestRequestCorrelationDoesNotInvalidateSafetyCache (0.00s)\n","OutputType":"frame"}
{"Time":"2026-09-16T01:32:30.320631975Z","Action":"pass","Package":"local/guard-gateway/go-check","Test":"TestRequestCorrelationDoesNotInvalidateSafetyCache","Elapsed":0}
{"Time":"2026-09-16T01:32:30.320660395Z","Action":"output","Package":"local/guard-gateway/go-check","Output":"PASS\n","OutputType":"frame"}
{"Time":"2026-09-16T01:32:31.323518947Z","Action":"output","Package":"local/guard-gateway/go-check","Output":"ok  \tlocal/guard-gateway/go-check\t1.094s\n"}
{"Time":"2026-09-16T01:32:31.324409375Z","Action":"pass","Package":"local/guard-gateway/go-check","Elapsed":1.095}
{"Time":"2026-09-16T01:32:35.49301883Z","Action":"start","Package":"local/guard-gateway/guard-deployment"}
{"Time":"2026-09-16T01:32:35.493149123Z","Action":"start","Package":"local/guard-gateway/guard-deployment/cmd/preflight-api"}
{"Time":"2026-09-16T01:32:35.49319692Z","Action":"output","Package":"local/guard-gateway/guard-deployment/cmd/preflight-api","Output":"?   \tlocal/guard-gateway/guard-deployment/cmd/preflight-api\t[no test files]\n"}
{"Time":"2026-09-16T01:32:35.49321031Z","Action":"skip","Package":"local/guard-gateway/guard-deployment/cmd/preflight-api","Elapsed":0}
{"Time":"2026-09-16T01:32:35.505714073Z","Action":"run","Package":"local/guard-gateway/guard-deployment","Test":"TestHTTPModelClientSendsSanitizedInputOnly"}
{"Time":"2026-09-16T01:32:35.505748521Z","Action":"output","Package":"local/guard-gateway/guard-deployment","Test":"TestHTTPModelClientSendsSanitizedInputOnly","Output":"=== RUN   TestHTTPModelClientSendsSanitizedInputOnly\n","OutputType":"frame"}
{"Time":"2026-09-16T01:32:35.508624634Z","Action":"output","Package":"local/guard-gateway/guard-deployment","Test":"TestHTTPModelClientSendsSanitizedInputOnly","Output":"--- PASS: TestHTTPModelClientSendsSanitizedInputOnly (0.00s)\n","OutputType":"frame"}
{"Time":"2026-09-16T01:32:35.508642732Z","Action":"pass","Package":"local/guard-gateway/guard-deployment","Test":"TestHTTPModelClientSendsSanitizedInputOnly","Elapsed":0}
{"Time":"2026-09-16T01:32:35.508680539Z","Action":"run","Package":"local/guard-gateway/guard-deployment","Test":"TestHTTPModelClientChecksAllLongInputChunks"}
{"Time":"2026-09-16T01:32:35.508685851Z","Action":"output","Package":"local/guard-gateway/guard-deployment","Test":"TestHTTPModelClientChecksAllLongInputChunks","Output":"=== RUN   TestHTTPModelClientChecksAllLongInputChunks\n","OutputType":"frame"}
{"Time":"2026-09-16T01:32:35.634589889Z","Action":"output","Package":"local/guard-gateway/guard-deployment","Test":"TestHTTPModelClientChecksAllLongInputChunks","Output":"--- PASS: TestHTTPModelClientChecksAllLongInputChunks (0.13s)\n","OutputType":"frame"}
{"Time":"2026-09-16T01:32:35.634607504Z","Action":"pass","Package":"local/guard-gateway/guard-deployment","Test":"TestHTTPModelClientChecksAllLongInputChunks","Elapsed":0.13}
{"Time":"2026-09-16T01:32:35.634622854Z","Action":"output","Package":"local/guard-gateway/guard-deployment","Output":"PASS\n","OutputType":"frame"}
{"Time":"2026-09-16T01:32:36.638001851Z","Action":"output","Package":"local/guard-gateway/guard-deployment","Output":"ok  \tlocal/guard-gateway/guard-deployment\t1.145s\n"}
{"Time":"2026-09-16T01:32:36.638756381Z","Action":"pass","Package":"local/guard-gateway/guard-deployment","Elapsed":1.146}
